// Jest Snapshot v1, https://goo.gl/fbAQLP

exports[`Film Component matches the snapshot 1`] = `
<div
  className="something-went-wrong container"
>
  <div
    className="row"
  >
    <div
      className="text-center text-lg-right col-lg-6"
    >
      <h2
        className="text-20 text-bold"
      >
        Ooops
      </h2>
      <p
        className="text-white text-12"
      >
        something went wrong
      </p>
    </div>
    <div
      className="text-center text-lg-left col-lg-6"
    >
      <img
        alt="stormtrooper"
        className="img-fluid"
        src="something-went-wrong.png"
      />
    </div>
  </div>
</div>
`;
