// Jest Snapshot v1, https://goo.gl/fbAQLP

exports[`Film Component matches the snapshot 1`] = `
<div
  className="not-found container"
>
  <div
    className="row"
  >
    <div
      className="text-center text-lg-right col-lg-6"
    >
      <h2
        className="text-20 text-bold"
      >
        404
      </h2>
      <p
        className="text-white text-12  text-uppercase"
      >
        This is not the page you're looking for
      </p>
    </div>
    <div
      className="text-center text-lg-left col-lg-6"
    >
      <img
        alt="stormtrooper"
        className="img-fluid"
        src="stormtrooper.png"
      />
    </div>
  </div>
</div>
`;
